// Jest Snapshot v1, https://goo.gl/fbAQLP

exports[`Snapshot Test Snapshot for Home Component 1`] = `

    <h2>
      Welcome to Barefoot
    </h2>
 
`;
